org.junit.jupiter.engine@${jupiterVersion} jar:file:.+junit-jupiter-engine/build/libs/junit-jupiter-engine-${jupiterVersion}.jar..module-info.class
requires java.base mandated
requires org.apiguardian.api
requires org.junit.jupiter.api
requires org.junit.platform.commons
requires org.junit.platform.engine
requires org.opentest4j
uses org.junit.jupiter.api.extension.Extension
provides org.junit.platform.engine.TestEngine with org.junit.jupiter.engine.JupiterTestEngine
qualified opens org.junit.jupiter.engine.extension to org.junit.platform.commons
contains org.junit.jupiter.engine
