org.junit.vintage.engine@${vintageVersion} jar:file:.+junit-vintage-engine/build/libs/junit-vintage-engine-${jupiterVersion}.jar..module-info.class
requires java.base mandated
requires junit
requires org.apiguardian.api
requires org.junit.platform.engine
provides org.junit.platform.engine.TestEngine with org.junit.vintage.engine.VintageTestEngine
contains org.junit.vintage.engine