org.junit.platform.console@${platformVersion} jar:file:.+junit-platform-console/build/libs/junit-platform-console-${platformVersion}-all.jar..module-info.class
requires java.base mandated
requires org.apiguardian.api
requires org.junit.platform.commons
requires org.junit.platform.engine
requires org.junit.platform.launcher
requires org.junit.platform.reporting
provides java.util.spi.ToolProvider with org.junit.platform.console.ConsoleLauncherToolProvider
contains org.junit.platform.console
contains org.junit.platform.console.options
contains org.junit.platform.console.shadow.picocli
contains org.junit.platform.console.tasks
main-class org.junit.platform.console.ConsoleLauncher
